[www.kineticspeech.com/index.html]
[backblue.gif]
[fade.gif]
[index.html]
[images.squarespace-cdn.com/content/644281148cd62262058dd198/09133475-cfc0-4d40-b41b-cce79997c96f/KSS+Logoee8a.jpg]
[assets.squarespace.com/@sqs/polyfiller/1.6/legacy.js]
[assets.squarespace.com/universal/scripts-compressed/extract-css-runtime-22d4f1bd66094b0e-min.en-US.js]
[assets.squarespace.com/universal/scripts-compressed/cldr-resource-pack-22c6db795661f68d-min.en-US.js]
[assets.squarespace.com/@sqs/polyfiller/1.6/modern.js]
[assets.squarespace.com/universal/scripts-compressed/extract-css-moment-js-vendor-6f2a1f6ec9a41489-min.en-US.js]
[assets.squarespace.com/universal/scripts-compressed/performance-efb529d57db762a2-min.en-US.js]
[definitions.sqspcdn.com/website-component-definition/static-assets/website.components.button/6ebfee59-5477-4111-a1a9-014d4f0e8698_555/website.components.button.styles.css]
[assets.squarespace.com/universal/scripts-compressed/common-vendors-stable-fbd854d40b0804b7-min.en-US.js]
[definitions.sqspcdn.com/website-component-definition/static-assets/website.components.socialLinks/06cc33c9-df71-4bea-bb45-b8271a7ffeed_163/website.components.socialLinks.styles.c.delaye]
[assets.squarespace.com/universal/scripts-compressed/common-vendors-41f73026a0e85b2c-min.en-US.js]
[definitions.sqspcdn.com/website-component-definition/static-assets/website.components.button/6ebfee59-5477-4111-a1a9-014d4f0e8698_555/website.components.button.visitor.js]
[definitions.sqspcdn.com/website-component-definition/static-assets/website.components.html/859aabbe-1dae-4f78-b818-4f64fea54982_385/website.components.html.visitor.js]
[definitions.sqspcdn.com/website-component-definition/static-assets/website.components.socialLinks/06cc33c9-df71-4bea-bb45-b8271a7ffeed_163/website.components.socialLinks.visitor.f.delay]
[static1.squarespace.com/static/vta/5c5a519771c10ba3470d8101/versioned-assets/1775067901690-FU1XWDNLTJYPRNLOIFJ1/static.css]
[static1.squarespace.com/static/versioned-site-css/644281148cd62262058dd198/52/5c5a519771c10ba3470d8101/644281148cd62262058dd1a0/1767/sitece97.css]
[images.squarespace-cdn.com/content/v1/644281148cd62262058dd198/23065333-bf06-4921-be43-34026d1a71e7/KSS+Logo26f7.png]
[www.kineticspeech.com/cart.html]
[images.squarespace-cdn.com/content/v1/644281148cd62262058dd198/64bf29b6-40c7-4213-83c0-793aa7eba32b/126f7.jpg]
[www.kineticspeech.com/about-us.html]
[www.kineticspeech.com/our-services-1.html]
[www.kineticspeech.com/book-appointment.html]
[www.kineticspeech.com/contact-us.html]
[images.squarespace-cdn.com/content/v1/644281148cd62262058dd198/1682310513097-P5Z00UFDLS8VM5JVALGQ/unsplash-image-LQ1t-8Ms5PY.jpg]
[www.kineticspeech.com/team.html]
[assets.squarespace.com/universal/scripts-compressed/common-d562a476e0945d70-min.en-US.js]
[www.kineticspeech.com/blog.html]
[www.kineticspeech.com/index.html]
[definitions.sqspcdn.com/website-component-definition/static-assets/website.components.button/6ebfee59-5477-4111-a1a9-014d4f0e8698_555/website.components.button.styles.css]
[definitions.sqspcdn.com/website-component-definition/static-assets/website.components.socialLinks/06cc33c9-df71-4bea-bb45-b8271a7ffeed_163/website.components.socialLinks.styles.c.delaye]
[definitions.sqspcdn.com/website-component-definition/static-assets/website.components.html/859aabbe-1dae-4f78-b818-4f64fea54982_385/website.components.html.styles.css]
[assets.squarespace.com/universal/images-v6/damask/error-dark.png]
[assets.squarespace.com/universal/images-v6/damask/error-dark@2x.png]
[assets.squarespace.com/universal/images-v6/damask/play-button.png]
[assets.squarespace.com/universal/images-v6/damask/play-button@2x.png]
[assets.squarespace.com/universal/images-v6/damask/edit-aviary-light.png]
[assets.squarespace.com/universal/images-v6/damask/edit-aviary-light@2x.png]
[assets.squarespace.com/universal/images-v6/damask/edit-info-light.png]
[assets.squarespace.com/universal/images-v6/damask/edit-info-light@2x.png]
[assets.squarespace.com/universal/images-v6/damask/trash-9-light.png]
[assets.squarespace.com/universal/images-v6/damask/trash-9-light@2x.png]
[static1.squarespace.com/static/vta/5c5a519771c10ba3470d8101/scripts/site-bundle.e2ab04b08a0df90c2e8b8887d08efc58.js]
[assets.squarespace.com/universal/images-v6/damask/trash-9-red.png]
[assets.squarespace.com/universal/images-v6/damask/trash-9-red@2x.png]
[assets.squarespace.com/universal/images-v6/damask/getty-16-light.png]
[assets.squarespace.com/universal/images-v6/damask/getty-32-light.png]
[assets.squarespace.com/universal/images-v6/damask/shopping-cart-16-light.png]
[assets.squarespace.com/universal/images-v6/damask/shopping-cart-32-light.png]
[assets.squarespace.com/universal/images-v6/icons/block-indicator-dark.png]
[assets.squarespace.com/universal/images-v6/icons/block-indicator-dark@2x.png]
[assets.squarespace.com/universal/images-v6/icons/opentable-icons.png]
[assets.squarespace.com/universal/images-v6/icons/icon-searchqueries-20-dark.png]
[assets.squarespace.com/universal/images-v6/icons/icon-searchqueries-20-light.png]
[assets.squarespace.com/universal/images-v6/icons/icon-video-24-light-solid.png]
[assets.squarespace.com/universal/images-v6/standard/icon_close_7_light.png]
[assets.squarespace.com/universal/images-v6/icons/icon-settings-16-light.png]
[static1.squarespace.com/static/versioned-site-css/644281148cd62262058dd198/52/5c5a519771c10ba3470d8101/644281148cd62262058dd1a0/1767/sitece97.css]
[static1.squarespace.com/static/vta/5c5a519771c10ba3470d8101/versioned-assets/1775067901690-FU1XWDNLTJYPRNLOIFJ1/static.css]
[www.kineticspeech.com/cart.html]
[images.squarespace-cdn.com/content/644281148cd62262058dd198/1682554117834-G3Z11Y6YKA5JX7CNF692/KINETIC+%283%29ee8a.jpg]
[definitions.sqspcdn.com/website-component-definition/static-assets/website.components.imageFluid/b7bacc0e-5721-49cc-9aa2-b1087ea46113_373/website.components.imageFluid.styles.css]
[definitions.sqspcdn.com/website-component-definition/static-assets/website.components.imageFluid/b7bacc0e-5721-49cc-9aa2-b1087ea46113_373/8018.js]
[definitions.sqspcdn.com/website-component-definition/static-assets/website.components.imageFluid/b7bacc0e-5721-49cc-9aa2-b1087ea46113_373/website.components.imageFluid.shared.constants]
[definitions.sqspcdn.com/website-component-definition/static-assets/website.components.imageFluid/b7bacc0e-5721-49cc-9aa2-b1087ea46113_373/image-effect-liquid.js]
[definitions.sqspcdn.com/website-component-definition/static-assets/website.components.imageFluid/b7bacc0e-5721-49cc-9aa2-b1087ea46113_373/website.components.imageFluid.visitor.42.delaye]
[definitions.sqspcdn.com/website-component-definition/static-assets/website.components.imageFluid/b7bacc0e-5721-49cc-9aa2-b1087ea46113_373/9882.js]
[definitions.sqspcdn.com/website-component-definition/static-assets/website.components.imageFluid/b7bacc0e-5721-49cc-9aa2-b1087ea46113_373/image-effect-parallax.js]
[definitions.sqspcdn.com/website-component-definition/static-assets/website.components.imageFluid/b7bacc0e-5721-49cc-9aa2-b1087ea46113_373/image-effect-refracted-lines.js]
[definitions.sqspcdn.com/website-component-definition/static-assets/website.components.imageFluid/b7bacc0e-5721-49cc-9aa2-b1087ea46113_373/748.js]
[definitions.sqspcdn.com/website-component-definition/static-assets/website.components.imageFluid/b7bacc0e-5721-49cc-9aa2-b1087ea46113_373/image-effect-film-grain.js]
[definitions.sqspcdn.com/website-component-definition/static-assets/website.components.imageFluid/b7bacc0e-5721-49cc-9aa2-b1087ea46113_373/image-effect-refracted-circles.js]
[images.squarespace-cdn.com/content/v1/644281148cd62262058dd198/acb9b936-527e-45c7-8598-69f259ec155d/Tiffany+Fairdosi-45-Edit.jpg]
[www.kineticspeech.com/about-us.html]
[www.kineticspeech.com/our-services-1.html]
[www.kineticspeech.com/book-appointment.html]
[definitions.sqspcdn.com/website-component-definition/static-assets/website.components.form/6d021841-b0b2-48ed-9a5f-8029b7ed7c95_557/website.components.form.styles.css]
[www.kineticspeech.com/contact-us.html]
[definitions.sqspcdn.com/website-component-definition/static-assets/website.components.form/6d021841-b0b2-48ed-9a5f-8029b7ed7c95_557/website.components.form.visitor.js]
[definitions.sqspcdn.com/website-component-definition/static-assets/website.components.shape/c780ed59-94dc-4d91-ad24-4d633fd7caa2_780/website.components.shape.styles.css]
[definitions.sqspcdn.com/website-component-definition/static-assets/website.components.shape/c780ed59-94dc-4d91-ad24-4d633fd7caa2_780/website.components.shape.visitor.js]
[images.squarespace-cdn.com/content/v1/5ec321c2af33de48734cc929/f3dcefac-6b56-4f80-be43-9a353a7c6a77/imgg-demo-Aq8H491F.jpg]
[images.squarespace-cdn.com/content/v1/644281148cd62262058dd198/f45c0bf5-6605-4cf0-92e7-7d397b1f67e3/21021F63-4A12-45D7-B6E5-7C537DDF2557.jpg]
[images.squarespace-cdn.com/content/v1/644281148cd62262058dd198/b6aecf21-ecc8-49f0-bde7-4b9901396390/unsplash-image-XjlyFT-ibd0.jpg]
[images.squarespace-cdn.com/content/v1/644281148cd62262058dd198/1774633665983-HEACMIYI02XGSW3TSOLZ/unsplash-image-QW4Dov1BUk8.jpg]
[www.kineticspeech.com/team.html]
[images.squarespace-cdn.com/content/644281148cd62262058dd198/64bf29b6-40c7-4213-83c0-793aa7eba32b/143a3.jpg]
[definitions.sqspcdn.com/website-component-definition/static-assets/website.components.map/e786bf7c-a82b-450c-b540-46075eabfd74_771/website.components.map.visitor.js]
[www.kineticspeech.com/bloga409]
[www.kineticspeech.com/blog/aphasia-book-club.html]
[www.kineticspeech.com/blog/qxo546434kqnjbgfts8vwagmwia0lg.html]
[www.kineticspeech.com/blog.html]
[www.kineticspeech.com/universal/svg/social-accounts.svg]
[definitions.sqspcdn.com/website-component-definition/static-assets/website.components.imageFluid/b7bacc0e-5721-49cc-9aa2-b1087ea46113_373/website.components.imageFluid.styles.css]
[definitions.sqspcdn.com/website-component-definition/static-assets/website.components.form/6d021841-b0b2-48ed-9a5f-8029b7ed7c95_557/website.components.form.styles.css]
[definitions.sqspcdn.com/website-component-definition/static-assets/website.components.shape/c780ed59-94dc-4d91-ad24-4d633fd7caa2_780/website.components.shape.styles.css]
[www.kineticspeech.com/blog/special-terms.html]
[images.squarespace-cdn.com/content/644281148cd62262058dd198/d9541303-a9d0-40a4-8f75-70456f760f30/aphasia+book+club+flyer-coming+soon5d45.png]
[www.kineticspeech.com/blog572f.html]
[images.squarespace-cdn.com/content/v1/644281148cd62262058dd198/d9541303-a9d0-40a4-8f75-70456f760f30/aphasia+book+club+flyer-coming+soon.png]
[images.squarespace-cdn.com/content/v1/644281148cd62262058dd198/1774974200272-TREECVZAGFGLFAJVCGXG/image-asset.jpg]
[images.squarespace-cdn.com/content/v1/644281148cd62262058dd198/1773940749350-451DE04CL4DU81XIK4UU/image-asset.jpg]
[images.squarespace-cdn.com/content/v1/644281148cd62262058dd198/1773351918331-MG40G2KTPHR1MV0H9GS7/image-asset.jpg]
[images.squarespace-cdn.com/content/v1/644281148cd62262058dd198/1771524457735-M6HD7S85YKY72V2AF53P/image-asset.jpg]
[images.squarespace-cdn.com/content/v1/644281148cd62262058dd198/1771524458688-MBL7UKTLSK047ABXRCFC/image-asset.jpg]
[images.squarespace-cdn.com/content/v1/644281148cd62262058dd198/1771524459639-D5D8BCJXBE21QMOHU6CU/image-asset.jpg]
[images.squarespace-cdn.com/content/v1/644281148cd62262058dd198/1771524460653-N7O8M19NM47YTPWHRQXK/image-asset.jpg]
[images.squarespace-cdn.com/content/v1/644281148cd62262058dd198/1771524461725-3ZEL97Z37XVKAN8EU3AW/image-asset.jpg]
[images.squarespace-cdn.com/content/v1/644281148cd62262058dd198/1771524464574-X29MFGN88VI72Y1RSS02/image-asset.jpg]
[images.squarespace-cdn.com/content/v1/644281148cd62262058dd198/1771524465542-YKYMFBJAS2OO9K7Y0OYU/image-asset.jpg]
[www.kineticspeech.com/blog/aphasia-book-club.html]
[images.squarespace-cdn.com/content/644281148cd62262058dd198/1771516275284-2ESV09IER48D3WXO6HK5/unsplash-image-O8eo2BC1SOI43a3.jpg]
[images.squarespace-cdn.com/content/v1/644281148cd62262058dd198/1771516275284-2ESV09IER48D3WXO6HK5/unsplash-image-O8eo2BC1SOI.jpg]
[images.squarespace-cdn.com/content/v1/644281148cd62262058dd198/1771523360942-KJQF4VXFR67IJ0QSEXJ6/unsplash-image-bdvRK25hgPE.jpg]
[images.squarespace-cdn.com/content/v1/644281148cd62262058dd198/1771523439523-UI5KJ7J0EXLUBR59ZRTR/unsplash-image-QcBAZ7VREHQ.jpg]
[images.squarespace-cdn.com/content/v1/644281148cd62262058dd198/1771523651091-Z9TGXBT45A0FCRJHGUU9/unsplash-image-D7_ZWek_u-c.jpg]
[images.squarespace-cdn.com/content/v1/644281148cd62262058dd198/1771523819850-DMQBU1CIRKLX3P0SO9H7/unsplash-image-SzpmxPDzs60.jpg]
[images.squarespace-cdn.com/content/v1/644281148cd62262058dd198/1771523930619-A5UI1MPIC9UY1GGRR1YY/unsplash-image-owaO9rqxBh0.jpg]
[www.kineticspeech.com/blog/qxo546434kqnjbgfts8vwagmwia0lg.html]
[www.kineticspeech.com/blog/special-terms.html]
[www.kineticspeech.com/blog572f.html]
